%!Adobe-FontList 1.14
%Locale:0x804

%BeginFont
Handler:DirectoryHandler
FontType:Invalid
OutlineFileName:D:\作品\机器人排球\embed\Font\ArialFont.fnt
FileModTime:1358997766
%EndFont

%BeginFont
Handler:DirectoryHandler
FontType:Invalid
OutlineFileName:D:\作品\机器人排球\embed\Font\ArialFont.png
FileModTime:1358997766
%EndFont

%BeginFont
Handler:DirectoryHandler
FontType:Invalid
OutlineFileName:D:\作品\机器人排球\embed\Font\black.fnt
FileModTime:1366185424
%EndFont

%BeginFont
Handler:DirectoryHandler
FontType:Invalid
OutlineFileName:D:\作品\机器人排球\embed\Font\black.txt
FileModTime:1366183903
%EndFont

%BeginFont
Handler:DirectoryHandler
FontType:Invalid
OutlineFileName:D:\作品\机器人排球\embed\Font\black1.fnt
FileModTime:1366182161
%EndFont

%BeginFont
Handler:DirectoryHandler
FontType:Invalid
OutlineFileName:D:\作品\机器人排球\embed\Font\black1.txt
FileModTime:1366118549
%EndFont

%BeginFont
Handler:DirectoryHandler
FontType:Invalid
OutlineFileName:D:\作品\机器人排球\embed\Font\black1_0.png
FileModTime:1366182252
%EndFont

%BeginFont
Handler:DirectoryHandler
FontType:Invalid
OutlineFileName:D:\作品\机器人排球\embed\Font\black_0.png
FileModTime:1366186298
%EndFont

%BeginFont
Handler:DirectoryHandler
FontType:Invalid
OutlineFileName:D:\作品\机器人排球\embed\Font\britannic.fnt
FileModTime:1366213595
%EndFont

%BeginFont
Handler:DirectoryHandler
FontType:Invalid
OutlineFileName:D:\作品\机器人排球\embed\Font\britannic_0.png
FileModTime:1366213699
%EndFont

%BeginFont
Handler:DirectoryHandler
FontType:Invalid
OutlineFileName:D:\作品\机器人排球\embed\Font\founder.fnt
FileModTime:1365593104
%EndFont

%BeginFont
Handler:DirectoryHandler
FontType:Invalid
OutlineFileName:D:\作品\机器人排球\embed\Font\founder_0.png
FileModTime:1365593104
%EndFont

%BeginFont
Handler:DirectoryHandler
FontType:Invalid
OutlineFileName:D:\作品\机器人排球\embed\Font\harlowSolidItalic.fnt
FileModTime:1376005787
%EndFont

%BeginFont
Handler:DirectoryHandler
FontType:Invalid
OutlineFileName:D:\作品\机器人排球\embed\Font\harlowSolidItalic_0.png
FileModTime:1376005846
%EndFont

%BeginFont
Handler:DirectoryHandler
FontType:Invalid
OutlineFileName:D:\作品\机器人排球\embed\Font\harlowSolidItalic_0.psd
FileModTime:1376005840
%EndFont

%BeginFont
Handler:DirectoryHandler
FontType:Invalid
OutlineFileName:D:\作品\机器人排球\embed\Font\magneto.fnt
FileModTime:1376006188
%EndFont

%BeginFont
Handler:DirectoryHandler
FontType:Invalid
OutlineFileName:D:\作品\机器人排球\embed\Font\magneto_0.png
FileModTime:1376006228
%EndFont

%BeginFont
Handler:DirectoryHandler
FontType:Invalid
OutlineFileName:D:\作品\机器人排球\embed\Font\magneto_0.psd
FileModTime:1376006222
%EndFont

%BeginFont
Handler:DirectoryHandler
FontType:Invalid
OutlineFileName:D:\作品\机器人排球\embed\Font\smooth.fnt
FileModTime:1368168882
%EndFont

%BeginFont
Handler:DirectoryHandler
FontType:Invalid
OutlineFileName:D:\作品\机器人排球\embed\Font\smooth.txt
FileModTime:1368168866
%EndFont

%BeginFont
Handler:DirectoryHandler
FontType:Invalid
OutlineFileName:D:\作品\机器人排球\embed\Font\smooth_0.png
FileModTime:1368169670
%EndFont

%BeginFont
Handler:DirectoryHandler
FontType:Invalid
OutlineFileName:D:\作品\机器人排球\embed\Font\stencil.fnt
FileModTime:1365857285
%EndFont

%BeginFont
Handler:DirectoryHandler
FontType:Invalid
OutlineFileName:D:\作品\机器人排球\embed\Font\stencil_0.png
FileModTime:1365857286
%EndFont

%BeginFont
Handler:DirectoryHandler
FontType:Invalid
OutlineFileName:D:\作品\机器人排球\embed\Font\vrinda.fnt
FileModTime:1375800815
%EndFont

%BeginFont
Handler:DirectoryHandler
FontType:Invalid
OutlineFileName:D:\作品\机器人排球\embed\Font\vrinda_0.png
FileModTime:1375800894
%EndFont

%BeginFont
Handler:DirectoryHandler
FontType:Invalid
OutlineFileName:D:\作品\机器人排球\embed\Font\vrinda_0.psd
FileModTime:1375800888
%EndFont

%BeginFont
Handler:DirectoryHandler
FontType:Invalid
OutlineFileName:D:\作品\机器人排球\embed\Font\华文行楷.fnt
FileModTime:1376232722
%EndFont

%BeginFont
Handler:DirectoryHandler
FontType:Invalid
OutlineFileName:D:\作品\机器人排球\embed\Font\华文行楷_0.png
FileModTime:1376232818
%EndFont

%BeginFont
Handler:DirectoryHandler
FontType:Invalid
OutlineFileName:D:\作品\机器人排球\embed\Font\华文行楷_0.psd
FileModTime:1376232828
%EndFont

